2026-09-15 16:33:48 | CRITICAL | run | Критическая ошибка: Пустой api_id / api_hash. Заполните System/Config.yaml (данные берутся на https://my.telegram.org/apps)
Traceback (most recent call last):
  File "/home/invi/TG/run.py", line 77, in <module>
    asyncio.run(main())
  File "/usr/lib/python3.12/asyncio/runners.py", line 194, in run
    return runner.run(main)
           ^^^^^^^^^^^^^^^^
  File "/usr/lib/python3.12/asyncio/runners.py", line 118, in run
    return self._loop.run_until_complete(task)
           ^^^^^^^^^^^^^^^^^^^^^^^^^^^^^^^^^^^
  File "/usr/lib/python3.12/asyncio/base_events.py", line 687, in run_until_complete
    return future.result()
           ^^^^^^^^^^^^^^^
  File "/home/invi/TG/run.py", line 71, in main
    bot = MyTgBot(config)
          ^^^^^^^^^^^^^^^
  File "/home/invi/TG/Logic/My_tg.py", line 36, in __init__
    raise RuntimeError(
RuntimeError: Пустой api_id / api_hash. Заполните System/Config.yaml (данные берутся на https://my.telegram.org/apps)
2026-09-15 16:34:22 | CRITICAL | run | Критическая ошибка: Пустой api_id / api_hash. Заполните System/Config.yaml (данные берутся на https://my.telegram.org/apps)
Traceback (most recent call last):
  File "/home/invi/TG/run.py", line 77, in <module>
    asyncio.run(main())
  File "/usr/lib/python3.12/asyncio/runners.py", line 194, in run
    return runner.run(main)
           ^^^^^^^^^^^^^^^^
  File "/usr/lib/python3.12/asyncio/runners.py", line 118, in run
    return self._loop.run_until_complete(task)
           ^^^^^^^^^^^^^^^^^^^^^^^^^^^^^^^^^^^
  File "/usr/lib/python3.12/asyncio/base_events.py", line 687, in run_until_complete
    return future.result()
           ^^^^^^^^^^^^^^^
  File "/home/invi/TG/run.py", line 71, in main
    bot = MyTgBot(config)
          ^^^^^^^^^^^^^^^
  File "/home/invi/TG/Logic/My_tg.py", line 36, in __init__
    raise RuntimeError(
RuntimeError: Пустой api_id / api_hash. Заполните System/Config.yaml (данные берутся на https://my.telegram.org/apps)
2026-09-15 16:51:52 | CRITICAL | run | Критическая ошибка: 383 bytes read on a total of 259205585 expected bytes
Traceback (most recent call last):
  File "/home/invi/TG/run.py", line 77, in <module>
    asyncio.run(main())
  File "/usr/lib/python3.12/asyncio/runners.py", line 194, in run
    return runner.run(main)
           ^^^^^^^^^^^^^^^^
  File "/usr/lib/python3.12/asyncio/runners.py", line 118, in run
    return self._loop.run_until_complete(task)
           ^^^^^^^^^^^^^^^^^^^^^^^^^^^^^^^^^^^
  File "/usr/lib/python3.12/asyncio/base_events.py", line 687, in run_until_complete
    return future.result()
           ^^^^^^^^^^^^^^^
  File "/home/invi/TG/run.py", line 72, in main
    await bot.run()
  File "/home/invi/TG/Logic/My_tg.py", line 173, in run
    await self.client.start(phone=self.phone)
  File "/home/invi/TG/.venv/lib/python3.12/site-packages/telethon/client/auth.py", line 135, in _start
    await self.connect()
  File "/home/invi/TG/.venv/lib/python3.12/site-packages/telethon/client/telegrambaseclient.py", line 560, in connect
    if not await self._sender.connect(self._connection(
           ^^^^^^^^^^^^^^^^^^^^^^^^^^^^^^^^^^^^^^^^^^^^
  File "/home/invi/TG/.venv/lib/python3.12/site-packages/telethon/network/mtprotosender.py", line 138, in connect
    await self._connect()
  File "/home/invi/TG/.venv/lib/python3.12/site-packages/telethon/network/mtprotosender.py", line 257, in _connect
    if not await self._try_gen_auth_key(attempt):
           ^^^^^^^^^^^^^^^^^^^^^^^^^^^^^^^^^^^^^
  File "/home/invi/TG/.venv/lib/python3.12/site-packages/telethon/network/mtprotosender.py", line 315, in _try_gen_auth_key
    await authenticator.do_authentication(plain)
  File "/home/invi/TG/.venv/lib/python3.12/site-packages/telethon/network/authenticator.py", line 31, in do_authentication
    res_pq = await sender.send(ReqPqMultiRequest(nonce))
             ^^^^^^^^^^^^^^^^^^^^^^^^^^^^^^^^^^^^^^^^^^^
  File "/home/invi/TG/.venv/lib/python3.12/site-packages/telethon/network/mtprotoplainsender.py", line 36, in send
    body = await self._connection.recv()
           ^^^^^^^^^^^^^^^^^^^^^^^^^^^^^
  File "/home/invi/TG/.venv/lib/python3.12/site-packages/telethon/network/connection/connection.py", line 310, in recv
    raise err
  File "/home/invi/TG/.venv/lib/python3.12/site-packages/telethon/network/connection/connection.py", line 341, in _recv_loop
    data = await self._recv()
           ^^^^^^^^^^^^^^^^^^
  File "/home/invi/TG/.venv/lib/python3.12/site-packages/telethon/network/connection/connection.py", line 406, in _recv
    return await self._codec.read_packet(self._obfuscation)
           ^^^^^^^^^^^^^^^^^^^^^^^^^^^^^^^^^^^^^^^^^^^^^^^^
  File "/home/invi/TG/.venv/lib/python3.12/site-packages/telethon/network/connection/tcpintermediate.py", line 34, in read_packet
    packet_with_padding = await super().read_packet(reader)
                          ^^^^^^^^^^^^^^^^^^^^^^^^^^^^^^^^^
  File "/home/invi/TG/.venv/lib/python3.12/site-packages/telethon/network/connection/tcpintermediate.py", line 17, in read_packet
    return await reader.readexactly(length)
           ^^^^^^^^^^^^^^^^^^^^^^^^^^^^^^^^
  File "/home/invi/TG/.venv/lib/python3.12/site-packages/telethon/network/connection/tcpmtproxy.py", line 77, in readexactly
    return self._decrypt.encrypt(await self._reader.readexactly(n))
                                 ^^^^^^^^^^^^^^^^^^^^^^^^^^^^^^^^^
  File "/usr/lib/python3.12/asyncio/streams.py", line 750, in readexactly
    raise exceptions.IncompleteReadError(incomplete, n)
asyncio.exceptions.IncompleteReadError: 383 bytes read on a total of 259205585 expected bytes
2026-09-15 17:01:34 | CRITICAL | run | Критическая ошибка: Connection to Telegram failed 10 time(s)
Traceback (most recent call last):
  File "/home/invi/TG/run.py", line 77, in <module>
    asyncio.run(main())
  File "/usr/lib/python3.12/asyncio/runners.py", line 194, in run
    return runner.run(main)
           ^^^^^^^^^^^^^^^^
  File "/usr/lib/python3.12/asyncio/runners.py", line 118, in run
    return self._loop.run_until_complete(task)
           ^^^^^^^^^^^^^^^^^^^^^^^^^^^^^^^^^^^
  File "/usr/lib/python3.12/asyncio/base_events.py", line 687, in run_until_complete
    return future.result()
           ^^^^^^^^^^^^^^^
  File "/home/invi/TG/run.py", line 72, in main
    await bot.run()
  File "/home/invi/TG/Logic/My_tg.py", line 171, in run
    await self.client.start(phone=self.phone)
  File "/home/invi/TG/.venv/lib/python3.12/site-packages/telethon/client/auth.py", line 135, in _start
    await self.connect()
  File "/home/invi/TG/.venv/lib/python3.12/site-packages/telethon/client/telegrambaseclient.py", line 560, in connect
    if not await self._sender.connect(self._connection(
           ^^^^^^^^^^^^^^^^^^^^^^^^^^^^^^^^^^^^^^^^^^^^
  File "/home/invi/TG/.venv/lib/python3.12/site-packages/telethon/network/mtprotosender.py", line 138, in connect
    await self._connect()
  File "/home/invi/TG/.venv/lib/python3.12/site-packages/telethon/network/mtprotosender.py", line 277, in _connect
    raise ConnectionError('Connection to Telegram failed {} time(s)'.format(self._retries))
ConnectionError: Connection to Telegram failed 10 time(s)
2026-09-15 17:11:35 | ERROR    | telethon.network.connection.connection | Unexpected exception in the receive loop
Traceback (most recent call last):
  File "/home/invi/TG/.venv/lib/python3.12/site-packages/telethon/network/connection/connection.py", line 341, in _recv_loop
    data = await self._recv()
           ^^^^^^^^^^^^^^^^^^
  File "/home/invi/TG/.venv/lib/python3.12/site-packages/telethon/network/connection/connection.py", line 406, in _recv
    return await self._codec.read_packet(self._obfuscation)
           ^^^^^^^^^^^^^^^^^^^^^^^^^^^^^^^^^^^^^^^^^^^^^^^^
  File "/home/invi/TG/.venv/lib/python3.12/site-packages/telethon/network/connection/tcpintermediate.py", line 34, in read_packet
    packet_with_padding = await super().read_packet(reader)
                          ^^^^^^^^^^^^^^^^^^^^^^^^^^^^^^^^^
  File "/home/invi/TG/.venv/lib/python3.12/site-packages/telethon/network/connection/tcpintermediate.py", line 17, in read_packet
    return await reader.readexactly(length)
           ^^^^^^^^^^^^^^^^^^^^^^^^^^^^^^^^
  File "/home/invi/TG/.venv/lib/python3.12/site-packages/telethon/network/connection/tcpmtproxy.py", line 77, in readexactly
    return self._decrypt.encrypt(await self._reader.readexactly(n))
                                 ^^^^^^^^^^^^^^^^^^^^^^^^^^^^^^^^^
  File "/usr/lib/python3.12/asyncio/streams.py", line 738, in readexactly
    raise ValueError('readexactly size can not be less than zero')
ValueError: readexactly size can not be less than zero
2026-09-15 17:11:35 | CRITICAL | run | Критическая ошибка: readexactly size can not be less than zero
Traceback (most recent call last):
  File "/home/invi/TG/run.py", line 77, in <module>
    asyncio.run(main())
  File "/usr/lib/python3.12/asyncio/runners.py", line 194, in run
    return runner.run(main)
           ^^^^^^^^^^^^^^^^
  File "/usr/lib/python3.12/asyncio/runners.py", line 118, in run
    return self._loop.run_until_complete(task)
           ^^^^^^^^^^^^^^^^^^^^^^^^^^^^^^^^^^^
  File "/usr/lib/python3.12/asyncio/base_events.py", line 687, in run_until_complete
    return future.result()
           ^^^^^^^^^^^^^^^
  File "/home/invi/TG/run.py", line 72, in main
    await bot.run()
  File "/home/invi/TG/Logic/My_tg.py", line 173, in run
    await self.client.start(phone=self.phone)
  File "/home/invi/TG/.venv/lib/python3.12/site-packages/telethon/client/auth.py", line 135, in _start
    await self.connect()
  File "/home/invi/TG/.venv/lib/python3.12/site-packages/telethon/client/telegrambaseclient.py", line 560, in connect
    if not await self._sender.connect(self._connection(
           ^^^^^^^^^^^^^^^^^^^^^^^^^^^^^^^^^^^^^^^^^^^^
  File "/home/invi/TG/.venv/lib/python3.12/site-packages/telethon/network/mtprotosender.py", line 138, in connect
    await self._connect()
  File "/home/invi/TG/.venv/lib/python3.12/site-packages/telethon/network/mtprotosender.py", line 257, in _connect
    if not await self._try_gen_auth_key(attempt):
           ^^^^^^^^^^^^^^^^^^^^^^^^^^^^^^^^^^^^^
  File "/home/invi/TG/.venv/lib/python3.12/site-packages/telethon/network/mtprotosender.py", line 315, in _try_gen_auth_key
    await authenticator.do_authentication(plain)
  File "/home/invi/TG/.venv/lib/python3.12/site-packages/telethon/network/authenticator.py", line 31, in do_authentication
    res_pq = await sender.send(ReqPqMultiRequest(nonce))
             ^^^^^^^^^^^^^^^^^^^^^^^^^^^^^^^^^^^^^^^^^^^
  File "/home/invi/TG/.venv/lib/python3.12/site-packages/telethon/network/mtprotoplainsender.py", line 36, in send
    body = await self._connection.recv()
           ^^^^^^^^^^^^^^^^^^^^^^^^^^^^^
  File "/home/invi/TG/.venv/lib/python3.12/site-packages/telethon/network/connection/connection.py", line 310, in recv
    raise err
  File "/home/invi/TG/.venv/lib/python3.12/site-packages/telethon/network/connection/connection.py", line 341, in _recv_loop
    data = await self._recv()
           ^^^^^^^^^^^^^^^^^^
  File "/home/invi/TG/.venv/lib/python3.12/site-packages/telethon/network/connection/connection.py", line 406, in _recv
    return await self._codec.read_packet(self._obfuscation)
           ^^^^^^^^^^^^^^^^^^^^^^^^^^^^^^^^^^^^^^^^^^^^^^^^
  File "/home/invi/TG/.venv/lib/python3.12/site-packages/telethon/network/connection/tcpintermediate.py", line 34, in read_packet
    packet_with_padding = await super().read_packet(reader)
                          ^^^^^^^^^^^^^^^^^^^^^^^^^^^^^^^^^
  File "/home/invi/TG/.venv/lib/python3.12/site-packages/telethon/network/connection/tcpintermediate.py", line 17, in read_packet
    return await reader.readexactly(length)
           ^^^^^^^^^^^^^^^^^^^^^^^^^^^^^^^^
  File "/home/invi/TG/.venv/lib/python3.12/site-packages/telethon/network/connection/tcpmtproxy.py", line 77, in readexactly
    return self._decrypt.encrypt(await self._reader.readexactly(n))
                                 ^^^^^^^^^^^^^^^^^^^^^^^^^^^^^^^^^
  File "/usr/lib/python3.12/asyncio/streams.py", line 738, in readexactly
    raise ValueError('readexactly size can not be less than zero')
ValueError: readexactly size can not be less than zero
2026-09-15 17:24:47 | ERROR    | tg_bot | Группа lumiaichat | ошибка в цикле: object _ChatAction can't be used in 'await' expression
Traceback (most recent call last):
  File "/home/invi/TG/Logic/My_tg.py", line 200, in _group_loop
    await self._send_human_like(username, message)
  File "/home/invi/TG/Logic/My_tg.py", line 235, in _send_human_like
    await self.client.action(entity, "typing")
TypeError: object _ChatAction can't be used in 'await' expression
2026-09-18 09:15:17 | CRITICAL | run | Критическая ошибка: Для группы lumiaichat (язык: ru) нет сообщений. Заполните Data/Textgroup/ru.txt
Traceback (most recent call last):
  File "/home/invi/TG/run.py", line 77, in <module>
    asyncio.run(main())
  File "/usr/lib/python3.12/asyncio/runners.py", line 194, in run
    return runner.run(main)
           ^^^^^^^^^^^^^^^^
  File "/usr/lib/python3.12/asyncio/runners.py", line 118, in run
    return self._loop.run_until_complete(task)
           ^^^^^^^^^^^^^^^^^^^^^^^^^^^^^^^^^^^
  File "/usr/lib/python3.12/asyncio/base_events.py", line 687, in run_until_complete
    return future.result()
           ^^^^^^^^^^^^^^^
  File "/home/invi/TG/run.py", line 72, in main
    await bot.run()
  File "/home/invi/TG/Logic/My_tg.py", line 220, in run
    raise RuntimeError(
RuntimeError: Для группы lumiaichat (язык: ru) нет сообщений. Заполните Data/Textgroup/ru.txt
2026-09-18 09:21:30 | CRITICAL | run | Критическая ошибка: name 'TEXTS_DIR' is not defined
Traceback (most recent call last):
  File "/home/invi/TG/run.py", line 77, in <module>
    asyncio.run(main())
  File "/usr/lib/python3.12/asyncio/runners.py", line 194, in run
    return runner.run(main)
           ^^^^^^^^^^^^^^^^
  File "/usr/lib/python3.12/asyncio/runners.py", line 118, in run
    return self._loop.run_until_complete(task)
           ^^^^^^^^^^^^^^^^^^^^^^^^^^^^^^^^^^^
  File "/usr/lib/python3.12/asyncio/base_events.py", line 687, in run_until_complete
    return future.result()
           ^^^^^^^^^^^^^^^
  File "/home/invi/TG/run.py", line 71, in main
    bot = MyTgBot(config)
          ^^^^^^^^^^^^^^^
  File "/home/invi/TG/Logic/My_tg.py", line 58, in __init__
    self.messages_by_lang[lang] = self._load_messages(lang)
                                  ^^^^^^^^^^^^^^^^^^^^^^^^^
  File "/home/invi/TG/Logic/My_tg.py", line 193, in _load_messages
    text_file = TEXTS_DIR / f"{language}.txt"
                ^^^^^^^^^
NameError: name 'TEXTS_DIR' is not defined
2026-09-18 09:54:18 | ERROR    | tg_bot | Группа english_chat | ошибка в цикле: You can't write in this chat (caused by SetTypingRequest)
Traceback (most recent call last):
  File "/home/invi/TG/Logic/My_tg.py", line 286, in _group_loop
    await self._send_human_like(username, message)
  File "/home/invi/TG/Logic/My_tg.py", line 329, in _send_human_like
    async with self.client.action(entity, "typing"):
  File "/home/invi/TG/.venv/lib/python3.12/site-packages/telethon/client/chats.py", line 73, in __aexit__
    await self._task
  File "/home/invi/TG/.venv/lib/python3.12/site-packages/telethon/client/chats.py", line 85, in _update
    await self._client(self._request)
  File "/home/invi/TG/.venv/lib/python3.12/site-packages/telethon/client/users.py", line 30, in __call__
    return await self._call(self._sender, request, ordered=ordered)
           ^^^^^^^^^^^^^^^^^^^^^^^^^^^^^^^^^^^^^^^^^^^^^^^^^^^^^^^^
  File "/home/invi/TG/.venv/lib/python3.12/site-packages/telethon/client/users.py", line 92, in _call
    result = await future
             ^^^^^^^^^^^^
telethon.errors.rpcerrorlist.ChatWriteForbiddenError: You can't write in this chat (caused by SetTypingRequest)
2026-09-18 10:05:06 | ERROR    | tg_bot | Группа english_chat | ошибка в цикле: You can't write in this chat (caused by SetTypingRequest)
Traceback (most recent call last):
  File "/home/invi/TG/Logic/My_tg.py", line 286, in _group_loop
    await self._send_human_like(username, message)
  File "/home/invi/TG/Logic/My_tg.py", line 329, in _send_human_like
    async with self.client.action(entity, "typing"):
  File "/home/invi/TG/.venv/lib/python3.12/site-packages/telethon/client/chats.py", line 73, in __aexit__
    await self._task
  File "/home/invi/TG/.venv/lib/python3.12/site-packages/telethon/client/chats.py", line 85, in _update
    await self._client(self._request)
  File "/home/invi/TG/.venv/lib/python3.12/site-packages/telethon/client/users.py", line 30, in __call__
    return await self._call(self._sender, request, ordered=ordered)
           ^^^^^^^^^^^^^^^^^^^^^^^^^^^^^^^^^^^^^^^^^^^^^^^^^^^^^^^^
  File "/home/invi/TG/.venv/lib/python3.12/site-packages/telethon/client/users.py", line 92, in _call
    result = await future
             ^^^^^^^^^^^^
telethon.errors.rpcerrorlist.ChatWriteForbiddenError: You can't write in this chat (caused by SetTypingRequest)
2026-09-18 10:23:53 | ERROR    | tg_bot | Группа english_chat | ошибка в цикле: You can't write in this chat (caused by SetTypingRequest)
Traceback (most recent call last):
  File "/home/invi/TG/Logic/My_tg.py", line 286, in _group_loop
    await self._send_human_like(username, message)
  File "/home/invi/TG/Logic/My_tg.py", line 329, in _send_human_like
    async with self.client.action(entity, "typing"):
  File "/home/invi/TG/.venv/lib/python3.12/site-packages/telethon/client/chats.py", line 73, in __aexit__
    await self._task
  File "/home/invi/TG/.venv/lib/python3.12/site-packages/telethon/client/chats.py", line 85, in _update
    await self._client(self._request)
  File "/home/invi/TG/.venv/lib/python3.12/site-packages/telethon/client/users.py", line 30, in __call__
    return await self._call(self._sender, request, ordered=ordered)
           ^^^^^^^^^^^^^^^^^^^^^^^^^^^^^^^^^^^^^^^^^^^^^^^^^^^^^^^^
  File "/home/invi/TG/.venv/lib/python3.12/site-packages/telethon/client/users.py", line 92, in _call
    result = await future
             ^^^^^^^^^^^^
telethon.errors.rpcerrorlist.ChatWriteForbiddenError: You can't write in this chat (caused by SetTypingRequest)
2026-09-18 10:40:40 | ERROR    | tg_bot | Группа english_chat | ошибка в цикле: You can't write in this chat (caused by SetTypingRequest)
Traceback (most recent call last):
  File "/home/invi/TG/Logic/My_tg.py", line 286, in _group_loop
    await self._send_human_like(username, message)
  File "/home/invi/TG/Logic/My_tg.py", line 329, in _send_human_like
    async with self.client.action(entity, "typing"):
  File "/home/invi/TG/.venv/lib/python3.12/site-packages/telethon/client/chats.py", line 73, in __aexit__
    await self._task
  File "/home/invi/TG/.venv/lib/python3.12/site-packages/telethon/client/chats.py", line 85, in _update
    await self._client(self._request)
  File "/home/invi/TG/.venv/lib/python3.12/site-packages/telethon/client/users.py", line 30, in __call__
    return await self._call(self._sender, request, ordered=ordered)
           ^^^^^^^^^^^^^^^^^^^^^^^^^^^^^^^^^^^^^^^^^^^^^^^^^^^^^^^^
  File "/home/invi/TG/.venv/lib/python3.12/site-packages/telethon/client/users.py", line 92, in _call
    result = await future
             ^^^^^^^^^^^^
telethon.errors.rpcerrorlist.ChatWriteForbiddenError: You can't write in this chat (caused by SetTypingRequest)
2026-09-18 11:09:28 | ERROR    | tg_bot | Группа english_chat | ошибка в цикле: You can't write in this chat (caused by SetTypingRequest)
Traceback (most recent call last):
  File "/home/invi/TG/Logic/My_tg.py", line 286, in _group_loop
    await self._send_human_like(username, message)
  File "/home/invi/TG/Logic/My_tg.py", line 329, in _send_human_like
    async with self.client.action(entity, "typing"):
  File "/home/invi/TG/.venv/lib/python3.12/site-packages/telethon/client/chats.py", line 73, in __aexit__
    await self._task
  File "/home/invi/TG/.venv/lib/python3.12/site-packages/telethon/client/chats.py", line 85, in _update
    await self._client(self._request)
  File "/home/invi/TG/.venv/lib/python3.12/site-packages/telethon/client/users.py", line 30, in __call__
    return await self._call(self._sender, request, ordered=ordered)
           ^^^^^^^^^^^^^^^^^^^^^^^^^^^^^^^^^^^^^^^^^^^^^^^^^^^^^^^^
  File "/home/invi/TG/.venv/lib/python3.12/site-packages/telethon/client/users.py", line 92, in _call
    result = await future
             ^^^^^^^^^^^^
telethon.errors.rpcerrorlist.ChatWriteForbiddenError: You can't write in this chat (caused by SetTypingRequest)
2026-09-18 11:24:14 | ERROR    | tg_bot | Группа english_chat | ошибка в цикле: You can't write in this chat (caused by SetTypingRequest)
Traceback (most recent call last):
  File "/home/invi/TG/Logic/My_tg.py", line 286, in _group_loop
    await self._send_human_like(username, message)
  File "/home/invi/TG/Logic/My_tg.py", line 329, in _send_human_like
    async with self.client.action(entity, "typing"):
  File "/home/invi/TG/.venv/lib/python3.12/site-packages/telethon/client/chats.py", line 73, in __aexit__
    await self._task
  File "/home/invi/TG/.venv/lib/python3.12/site-packages/telethon/client/chats.py", line 85, in _update
    await self._client(self._request)
  File "/home/invi/TG/.venv/lib/python3.12/site-packages/telethon/client/users.py", line 30, in __call__
    return await self._call(self._sender, request, ordered=ordered)
           ^^^^^^^^^^^^^^^^^^^^^^^^^^^^^^^^^^^^^^^^^^^^^^^^^^^^^^^^
  File "/home/invi/TG/.venv/lib/python3.12/site-packages/telethon/client/users.py", line 92, in _call
    result = await future
             ^^^^^^^^^^^^
telethon.errors.rpcerrorlist.ChatWriteForbiddenError: You can't write in this chat (caused by SetTypingRequest)
2026-09-18 11:43:01 | ERROR    | tg_bot | Группа english_chat | ошибка в цикле: You can't write in this chat (caused by SetTypingRequest)
Traceback (most recent call last):
  File "/home/invi/TG/Logic/My_tg.py", line 286, in _group_loop
    await self._send_human_like(username, message)
  File "/home/invi/TG/Logic/My_tg.py", line 329, in _send_human_like
    async with self.client.action(entity, "typing"):
  File "/home/invi/TG/.venv/lib/python3.12/site-packages/telethon/client/chats.py", line 73, in __aexit__
    await self._task
  File "/home/invi/TG/.venv/lib/python3.12/site-packages/telethon/client/chats.py", line 85, in _update
    await self._client(self._request)
  File "/home/invi/TG/.venv/lib/python3.12/site-packages/telethon/client/users.py", line 30, in __call__
    return await self._call(self._sender, request, ordered=ordered)
           ^^^^^^^^^^^^^^^^^^^^^^^^^^^^^^^^^^^^^^^^^^^^^^^^^^^^^^^^
  File "/home/invi/TG/.venv/lib/python3.12/site-packages/telethon/client/users.py", line 92, in _call
    result = await future
             ^^^^^^^^^^^^
telethon.errors.rpcerrorlist.ChatWriteForbiddenError: You can't write in this chat (caused by SetTypingRequest)
2026-09-18 11:58:48 | ERROR    | tg_bot | Группа english_chat | ошибка в цикле: You can't write in this chat (caused by SetTypingRequest)
Traceback (most recent call last):
  File "/home/invi/TG/Logic/My_tg.py", line 286, in _group_loop
    await self._send_human_like(username, message)
  File "/home/invi/TG/Logic/My_tg.py", line 329, in _send_human_like
    async with self.client.action(entity, "typing"):
  File "/home/invi/TG/.venv/lib/python3.12/site-packages/telethon/client/chats.py", line 73, in __aexit__
    await self._task
  File "/home/invi/TG/.venv/lib/python3.12/site-packages/telethon/client/chats.py", line 85, in _update
    await self._client(self._request)
  File "/home/invi/TG/.venv/lib/python3.12/site-packages/telethon/client/users.py", line 30, in __call__
    return await self._call(self._sender, request, ordered=ordered)
           ^^^^^^^^^^^^^^^^^^^^^^^^^^^^^^^^^^^^^^^^^^^^^^^^^^^^^^^^
  File "/home/invi/TG/.venv/lib/python3.12/site-packages/telethon/client/users.py", line 92, in _call
    result = await future
             ^^^^^^^^^^^^
telethon.errors.rpcerrorlist.ChatWriteForbiddenError: You can't write in this chat (caused by SetTypingRequest)
2026-09-20 09:27:09 | CRITICAL | run | Критическая ошибка: Пустой api_id / api_hash. Задайте их через переменные окружения API_ID и API_HASH или в System/Config.yaml (данные берутся на https://my.telegram.org/apps)
Traceback (most recent call last):
  File "/home/invi/TG/run.py", line 77, in <module>
    asyncio.run(main())
  File "/usr/lib/python3.12/asyncio/runners.py", line 194, in run
    return runner.run(main)
           ^^^^^^^^^^^^^^^^
  File "/usr/lib/python3.12/asyncio/runners.py", line 118, in run
    return self._loop.run_until_complete(task)
           ^^^^^^^^^^^^^^^^^^^^^^^^^^^^^^^^^^^
  File "/usr/lib/python3.12/asyncio/base_events.py", line 687, in run_until_complete
    return future.result()
           ^^^^^^^^^^^^^^^
  File "/home/invi/TG/run.py", line 71, in main
    bot = MyTgBot(config)
          ^^^^^^^^^^^^^^^
  File "/home/invi/TG/Logic/My_tg.py", line 93, in __init__
    raise RuntimeError(
RuntimeError: Пустой api_id / api_hash. Задайте их через переменные окружения API_ID и API_HASH или в System/Config.yaml (данные берутся на https://my.telegram.org/apps)
2026-09-20 09:29:04 | CRITICAL | run | Критическая ошибка: Пустой api_id / api_hash. Задайте их через переменные окружения API_ID и API_HASH или в System/Config.yaml (данные берутся на https://my.telegram.org/apps)
Traceback (most recent call last):
  File "/home/invi/TG/run.py", line 79, in <module>
    asyncio.run(main())
  File "/usr/lib/python3.12/asyncio/runners.py", line 194, in run
    return runner.run(main)
           ^^^^^^^^^^^^^^^^
  File "/usr/lib/python3.12/asyncio/runners.py", line 118, in run
    return self._loop.run_until_complete(task)
           ^^^^^^^^^^^^^^^^^^^^^^^^^^^^^^^^^^^
  File "/usr/lib/python3.12/asyncio/base_events.py", line 687, in run_until_complete
    return future.result()
           ^^^^^^^^^^^^^^^
  File "/home/invi/TG/run.py", line 73, in main
    bot = MyTgBot(config)
          ^^^^^^^^^^^^^^^
  File "/home/invi/TG/Logic/My_tg.py", line 93, in __init__
    raise RuntimeError(
RuntimeError: Пустой api_id / api_hash. Задайте их через переменные окружения API_ID и API_HASH или в System/Config.yaml (данные берутся на https://my.telegram.org/apps)
